// Jest Snapshot v1, https://goo.gl/fbAQLP

exports[`RadioButtons should match snapshot 1`] = `
<div
  onChange={[Function]}
>
  <div
    className="form-check"
  >
    <input
      className="form-check-input"
      defaultChecked={true}
      disabled={false}
      name="radioButtonsTest"
      type="radio"
      value="0-value"
    />
    <label
      className="form-check-label"
      title=""
    >
      0-label
    </label>
  </div>
  <div
    className="form-check"
  >
    <input
      className="form-check-input"
      defaultChecked={false}
      disabled={false}
      name="radioButtonsTest"
      type="radio"
      value="1-value"
    />
    <label
      className="form-check-label"
      title=""
    >
      1-label
    </label>
  </div>
  <div
    className="form-check"
  >
    <input
      className="form-check-input"
      defaultChecked={false}
      disabled={false}
      name="radioButtonsTest"
      type="radio"
      value="2-value"
    />
    <label
      className="form-check-label"
      title=""
    >
      2-label
    </label>
  </div>
  <div
    className="form-check"
  >
    <input
      className="form-check-input"
      defaultChecked={false}
      disabled={false}
      name="radioButtonsTest"
      type="radio"
      value="3-value"
    />
    <label
      className="form-check-label"
      title=""
    >
      3-label
    </label>
  </div>
  <div
    className="form-check"
  >
    <input
      className="form-check-input"
      defaultChecked={false}
      disabled={false}
      name="radioButtonsTest"
      type="radio"
      value="4-value"
    />
    <label
      className="form-check-label"
      title=""
    >
      4-label
    </label>
  </div>
</div>
`;
